4165324800
         =         
134217728
c:\program files\alias\maya 6.0 personal learning edition\docs\jre\bin\client\jvm.dll=C:\Program Files\Alias\Maya 6.0 Personal Learning Edition\docs\jre\bin\client\jvm.dll
4194304
c:\program files\amd\codeanalyst\bin\codeanalyst.exe=C:\Program Files\AMD\CodeAnalyst\bin\CodeAnalyst.exe
969932800
c:\program files\amd\codeanalyst\bin\qt-mt321.dll=C:\Program Files\AMD\CodeAnalyst\bin\qt-mt321.dll
11468800
c:\program files\apoint2k\apoint.dll=C:\Program Files\Apoint2K\Apoint.DLL
6225920
c:\programming\ogre\stunt_playground\bin\release\ceguibase.dll=C:\PROGRAMMING\OGRE\stunt_playground\Bin\release\CEGUIBase.dll
198377472
c:\programming\ogre\stunt_playground\bin\release\ceguiwindowslook.dll=C:\PROGRAMMING\OGRE\stunt_playground\Bin\release\CEGUIWindowsLook.dll
4587520
c:\programming\ogre\stunt_playground\bin\release\devil.dll=C:\PROGRAMMING\OGRE\stunt_playground\Bin\release\devil.dll
8192000
c:\programming\ogre\stunt_playground\bin\release\fmod.dll=C:\PROGRAMMING\OGRE\stunt_playground\Bin\release\fmod.dll
7667712
c:\programming\ogre\stunt_playground\bin\release\newton.dll=C:\PROGRAMMING\OGRE\stunt_playground\Bin\release\Newton.dll
3866624
c:\programming\ogre\stunt_playground\bin\release\ogreguirenderer.dll=C:\PROGRAMMING\OGRE\stunt_playground\Bin\release\OgreGUIRenderer.dll
268435456
c:\programming\ogre\stunt_playground\bin\release\ogremain.dll=C:\PROGRAMMING\OGRE\stunt_playground\Bin\release\OgreMain.dll
22675456
c:\programming\ogre\stunt_playground\bin\release\ogreplatform.dll=C:\PROGRAMMING\OGRE\stunt_playground\Bin\release\OgrePlatform.dll
92864512
c:\programming\ogre\stunt_playground\bin\release\plugin_particlefx.dll=C:\PROGRAMMING\OGRE\stunt_playground\Bin\release\Plugin_ParticleFX.dll
23789568
c:\programming\ogre\stunt_playground\bin\release\rendersystem_direct3d9.dll=C:\PROGRAMMING\OGRE\stunt_playground\Bin\release\RenderSystem_Direct3D9.dll
25034752
c:\programming\ogre\stunt_playground\bin\release\rendersystem_gl.dll=C:\PROGRAMMING\OGRE\stunt_playground\Bin\release\RenderSystem_GL.dll
4194304
c:\programming\ogre\stunt_playground\bin\release\stuntplayground.exe=C:\PROGRAMMING\OGRE\stunt_playground\Bin\release\StuntPlayground.exe
301989888
c:\programming\ogre\stunt_playground\bin\release\xerces-c_2_5_0.dll=C:\PROGRAMMING\OGRE\stunt_playground\Bin\release\xerces-c_2_5_0.dll
3735552
c:\programming\ogre\stunt_playground\bin\release\zlib1.dll=C:\PROGRAMMING\OGRE\stunt_playground\Bin\release\zlib1.dll
16777216
c:\windows\explorer.exe=C:\WINDOWS\Explorer.EXE
2010644480
c:\windows\system32\advapi32.dll=C:\WINDOWS\system32\advapi32.dll
3214970880
c:\windows\system32\ati2cqag.dll=C:\WINDOWS\System32\ati2cqag.dll
3214749696
c:\windows\system32\ati2dvag.dll=C:\WINDOWS\System32\ati2dvag.dll
3215200256
c:\windows\system32\ati3duag.dll=C:\WINDOWS\System32\ati3duag.dll
1264975872
c:\windows\system32\d3d9.dll=C:\WINDOWS\system32\d3d9.dll
4018143232
c:\windows\system32\drivers\afd.sys=C:\WINDOWS\System32\drivers\afd.sys
4155199488
c:\windows\system32\drivers\alcxsens.sys=C:\WINDOWS\system32\drivers\ALCXSENS.SYS
4155748352
c:\windows\system32\drivers\alcxwdm.sys=C:\WINDOWS\system32\drivers\ALCXWDM.SYS
4157132800
c:\windows\system32\drivers\ati2mtag.sys=C:\WINDOWS\system32\DRIVERS\ati2mtag.sys
4016021504
c:\windows\system32\drivers\avg7core.sys=C:\WINDOWS\System32\Drivers\avg7core.sys
4170121216
c:\windows\system32\drivers\avg7rsxp.sys=C:\WINDOWS\System32\Drivers\avg7rsxp.sys
4166615040
c:\windows\system32\drivers\classpnp.sys=C:\WINDOWS\system32\DRIVERS\CLASSPNP.SYS
4165931008
c:\windows\system32\drivers\d347bus.sys=C:\WINDOWS\system32\drivers\d347bus.sys
3214675968
c:\windows\system32\drivers\dxg.sys=C:\WINDOWS\System32\drivers\dxg.sys
4167663616
c:\windows\system32\drivers\hidclass.sys=C:\WINDOWS\system32\DRIVERS\HIDCLASS.SYS
4170153984
c:\windows\system32\drivers\hidparse.sys=C:\WINDOWS\system32\DRIVERS\HIDPARSE.SYS
4167991296
c:\windows\system32\drivers\intelppm.sys=C:\WINDOWS\system32\DRIVERS\intelppm.sys
4000350208
c:\windows\system32\drivers\kmixer.sys=C:\WINDOWS\system32\drivers\kmixer.sys
4156715008
c:\windows\system32\drivers\ks.sys=C:\WINDOWS\system32\DRIVERS\ks.sys
4171251712
c:\windows\system32\drivers\mouhid.sys=C:\WINDOWS\system32\DRIVERS\mouhid.sys
4164354048
c:\windows\system32\drivers\ntfs.sys=C:\WINDOWS\system32\drivers\Ntfs.sys
4168876032
c:\windows\system32\drivers\partmgr.sys=C:\WINDOWS\system32\drivers\PartMgr.sys
4165550080
c:\windows\system32\drivers\pcmcia.sys=C:\WINDOWS\system32\drivers\pcmcia.sys
4155600896
c:\windows\system32\drivers\portcls.sys=C:\WINDOWS\system32\drivers\portcls.sys
4007993344
c:\windows\system32\drivers\sysaudio.sys=C:\WINDOWS\system32\drivers\sysaudio.sys
4018446336
c:\windows\system32\drivers\tcpip.sys=C:\WINDOWS\system32\DRIVERS\tcpip.sys
4167204864
c:\windows\system32\drivers\usbhub.sys=C:\WINDOWS\system32\DRIVERS\usbhub.sys
4169596928
c:\windows\system32\drivers\usbohci.sys=C:\WINDOWS\system32\DRIVERS\usbohci.sys
4155056128
c:\windows\system32\drivers\usbport.sys=C:\WINDOWS\system32\DRIVERS\USBPORT.SYS
4015927296
c:\windows\system32\drivers\usbvm31b.sys=C:\WINDOWS\System32\Drivers\usbVM31b.sys
4157050880
c:\windows\system32\drivers\videoprt.sys=C:\WINDOWS\system32\DRIVERS\VIDEOPRT.SYS
4007284736
c:\windows\system32\drivers\wdmaud.sys=C:\WINDOWS\system32\drivers\wdmaud.sys
1944387584
c:\windows\system32\dsound.dll=C:\WINDOWS\system32\dsound.dll
2012020736
c:\windows\system32\gdi32.dll=C:\WINDOWS\system32\GDI32.dll
2154835968
c:\windows\system32\hal.dll=C:\WINDOWS\system32\hal.dll
2088763392
c:\windows\system32\kernel32.dll=C:\WINDOWS\system32\kernel32.dll
1952841728
c:\windows\system32\msctf.dll=C:\WINDOWS\system32\MSCTF.dll
1570111488
c:\windows\system32\msutb.dll=C:\WINDOWS\system32\msutb.dll
2084175872
c:\windows\system32\msvcp71.dll=C:\WINDOWS\system32\msvcp71.dll
2083782656
c:\windows\system32\msvcr71.dll=C:\WINDOWS\system32\msvcr71.dll
2008809472
c:\windows\system32\msvcrt.dll=C:\WINDOWS\system32\msvcrt.dll
2090074112
c:\windows\system32\ntdll.dll=C:\WINDOWS\System32\ntdll.dll
2152566784
c:\windows\system32\ntoskrnl.exe=C:\WINDOWS\system32\ntoskrnl.exe
2011365376
c:\windows\system32\rpcrt4.dll=C:\WINDOWS\system32\rpcrt4.dll
1988296704
c:\windows\system32\schedsvc.dll=c:\windows\system32\schedsvc.dll
16777216
c:\windows\system32\services.exe=C:\WINDOWS\system32\services.exe
2000158720
c:\windows\system32\shell32.dll=C:\WINDOWS\system32\shell32.dll
2010054656
c:\windows\system32\user32.dll=C:\WINDOWS\system32\USER32.dll
1945632768
c:\windows\system32\usp10.dll=C:\WINDOWS\system32\USP10.dll
1483931648
c:\windows\system32\uxtheme.dll=C:\WINDOWS\system32\UxTheme.dll
4170252288
c:\windows\system32\watchdog.sys=C:\WINDOWS\System32\watchdog.sys
3212836864
c:\windows\system32\win32k.sys=C:\WINDOWS\System32\win32k.sys
1906180096
c:\windows\system32\ws2_32.dll=C:\WINDOWS\system32\WS2_32.dll
1997930496
c:\windows\winsxs\x86_microsoft.windows.common-controls_6595b64144ccf1df_6.0.2600.2180_x-ww_a84f1ff9\comctl32.dll=C:\WINDOWS\WinSxS\x86_Microsoft.Windows.Common-Controls_6595b64144ccf1df_6.0.2600.2180_x-ww_a84f1ff9\comctl32.dll
